  Y Axis                  A: [31m*[0m | B: [34m# [0m | C: [46m  [0m

[0C[0A                                  
[0C                                  
[0C                                  
[0C                                  
[0C                                  
[0C                                  
[0C                                  
[0C                                  
[0C                                  
[0C                                  
[0C                                  
[5C[1A[31m*[0m[1B[6D[7C[2A[31m*[0m[2B[8D[9C[3A[31m*[0m[3B[10D[11C[4A[31m*[0m[4B[12D[13C[5A[31m*[0m[5B[14D[15C[6A[31m*[0m[6B[16D[17C[6A[31m*[0m[6B[18D[19C[6A[31m*[0m[6B[20D[21C[6A[31m*[0m[6B[22D[23C[6A[31m*[0m[6B[24D[25C[6A[31m*[0m[6B[26D[27C[6A[31m*[0m[6B[28D[29C[6A[31m*[0m[6B[30D[31C[6A[31m*[0m[6B[32D[33C[6A[31m*[0m[6B[34D[35C[6A[31m*[0m[6B[36D[7C[6A[34m# [0m[34m# [0m
[7C[34m# [0m[34m# [0m
[4B[9D[15C[9A[46m  [0m[9B[17D[30D[11A   A
 10|
   |
  8|
   |
  6|
   |
  4|
   |
  2|
   |
   |[1D+[1B[1D0[1A---+[1B[1D2[1A---+[1B[1D4[1A---+[1B[1D6[1A---+[1B[1D8[1A---+[1B[1D10[1A[1D---+[1B[1D12[1A[1D---+[1B[1D14[1A[1D---> X Axis


              11                           
             ***                           
             ***                7          
  5          ***          5    [44m [0m[44m [0m[44m [0m         
 ***    3    ***         [42m [0m[42m [0m[42m [0m   [44m [0m[44m [0m[44m [0m         
 ***   +++   ***    1    [42m [0m[42m [0m[42m [0m   [44m [0m[44m [0m[44m [0m         
 ***   +++   ***   [41m [0m[41m [0m[41m [0m   [42m [0m[42m [0m[42m [0m   [44m [0m[44m [0m[44m [0m    0    
  A     B     C     D     E     F     G    
                 
     + + + + +   
   * * + + + + + 
   * * * + + + # 
   O O O # # # # 
   O O O O # # # 
   O O O O # # # 
     O O O # #   
 
 *  A: 5 (14%)
 +  B: 10 (29%)
 #  C: 10 (29%)
 O  D: 10 (29%)
 
                 
     [46m  [0m[46m  [0m[46m  [0m[43m  [0m[43m  [0m  
   [46m  [0m[46m  [0m[46m  [0m[46m  [0m[43m  [0m[43m  [0m[43m  [0m
   [46m  [0m[46m  [0m[46m  [0m[46m  [0m[43m  [0m[43m  [0m[43m  [0m
   [47m  [0m[47m  [0m[47m  [0m[43m  [0m[43m  [0m[43m  [0m[43m  [0m
   [47m  [0m[47m  [0m[47m  [0m[45m  [0m[45m  [0m[45m  [0m[45m  [0m
   [47m  [0m[47m  [0m[47m  [0m[45m  [0m[45m  [0m[45m  [0m[45m  [0m
     [47m  [0m[47m  [0m[45m  [0m[45m  [0m[45m  [0m  
 
 [46m  [0m A: 5 (25%)
 [43m  [0m B: 5 (25%)
 [45m  [0m C: 5 (25%)
 [47m  [0m D: 5 (25%)
 
 Month ++++++++
       ++++++++
 
  Week [31m*[0m[31m*[0m[31m*[0m[31m*[0m[31m*[0m
       [31m*[0m[31m*[0m[31m*[0m[31m*[0m[31m*[0m
 
   Day [44m [0m[44m [0m[44m [0m[44m [0m[44m [0m[44m [0m[44m [0m[44m [0m[44m [0m[44m [0m[44m [0m[44m [0m[44m [0m[44m [0m[44m [0m[44m [0m[44m [0m[44m [0m[44m [0m[44m [0m[44m [0m[44m [0m[44m [0m[44m [0m[44m [0m[44m [0m[44m [0m[44m [0m[44m [0m[44m [0m
 
   Now [46m [0m[46m [0m[46m [0m[46m [0m[46m [0m[46m [0m[46m [0m[46m [0m[46m [0m[46m [0m[46m [0m[46m [0m[46m [0m[46m [0m[46m [0m[46m [0m[46m [0m[46m [0m[46m [0m[46m [0m[46m [0m[46m [0m[46m [0m
 
                 
     [36m+ [0m[36m+ [0m[36m+ [0m[36m+ [0m[36m+ [0m  
   [36m+ [0m[36m+ [0m[36m+ [0m[36m+ [0m[36m+ [0m[36m+ [0m[36m+ [0m
   [36m+ [0m[36m+ [0m      [36m+ [0m[36m+ [0m
   [31m* [0m[31m* [0m      [36m+ [0m[36m+ [0m
   [31m* [0m[31m* [0m      [31m* [0m[31m* [0m
   [31m* [0m[31m* [0m[31m* [0m[31m* [0m[31m* [0m[31m* [0m[31m* [0m
     [31m* [0m[31m* [0m[31m* [0m[31m* [0m[31m* [0m  
 
 [36m+ [0m A: 10 (50%)
 [31m* [0m B: 10 (50%)
 
                 
     [42m  [0m[42m  [0m[42m  [0m[42m  [0m[44m  [0m  
   [42m  [0m[42m  [0m[42m  [0m[42m  [0m[42m  [0m[44m  [0m[44m  [0m
   [42m  [0m[42m  [0m      [44m  [0m[44m  [0m
   [43m  [0m[43m  [0m      [44m  [0m[44m  [0m
   [43m  [0m[43m  [0m      [44m  [0m[44m  [0m
   [43m  [0m[43m  [0m[43m  [0m[43m  [0m[43m  [0m[44m  [0m[44m  [0m
     [43m  [0m[43m  [0m[43m  [0m[43m  [0m[44m  [0m  
 
 [42m  [0m A: 20 (33%)
 [44m  [0m B: 20 (33%)
 [43m  [0m C: 20 (33%)
 
                              
          # # # # + + +       
        # # # # # + + + +     
      # # # # # # + + + + +   
    # # # # # # # + + + + + + 
    # # # #           + + + + 
    # # # #     50    + + + + 
       0        A        100
                              
          [45m  [0m[45m  [0m[45m  [0m[45m  [0m[45m  [0m[45m  [0m[45m  [0m      
        [42m  [0m[45m  [0m[45m  [0m[45m  [0m[45m  [0m[45m  [0m[45m  [0m[45m  [0m[45m  [0m    
      [42m  [0m[42m  [0m[42m  [0m[45m  [0m[45m  [0m[45m  [0m[45m  [0m[45m  [0m[45m  [0m[45m  [0m[45m  [0m  
    [42m  [0m[42m  [0m[42m  [0m[42m  [0m[45m  [0m[45m  [0m[45m  [0m[45m  [0m[45m  [0m[45m  [0m[45m  [0m[45m  [0m[45m  [0m
    [42m  [0m[42m  [0m[42m  [0m[42m  [0m          [45m  [0m[45m  [0m[45m  [0m[45m  [0m
    [42m  [0m[42m  [0m[42m  [0m[42m  [0m    30    [45m  [0m[45m  [0m[45m  [0m[45m  [0m
       0        PR       100
