Skrypt uruchomiony 2022-10-27 22:14:53+02:00 [COMMAND="neofetch" TERM="xterm-256color" TTY="/dev/pts/2" COLUMNS="118" LINES="26"]
[?25l[?7l[38;5;12m[1m             .',;::::;,'.
         .';:cccccccccccc:;,.
      .;cccccccccccccccccccccc;.
    .:cccccccccccccccccccccccccc:.
  .;ccccccccccccc;[37m[0m[1m.:dddl:.[38;5;12m[1m;ccccccc;.
 .:ccccccccccccc;[37m[0m[1mOWMKOOXMWd[38;5;12m[1m;ccccccc:.
.:ccccccccccccc;[37m[0m[1mKMMc[38;5;12m[1m;cc;[37m[0m[1mxMMc[38;5;12m[1m:ccccccc:.
,cccccccccccccc;[37m[0m[1mMMM.[38;5;12m[1m;cc;[37m[0m[1m;WW:[38;5;12m[1m:cccccccc,
:cccccccccccccc;[37m[0m[1mMMM.[38;5;12m[1m;cccccccccccccccc:
:ccccccc;[37m[0m[1moxOOOo[38;5;12m[1m;[37m[0m[1mMMM0OOk.[38;5;12m[1m;cccccccccccc:
cccccc:[37m[0m[1m0MMKxdd:[38;5;12m[1m;[37m[0m[1mMMMkddc.[38;5;12m[1m;cccccccccccc;
ccccc:[37m[0m[1mXM0'[38;5;12m[1m;cccc;[37m[0m[1mMMM.[38;5;12m[1m;cccccccccccccccc'
ccccc;[37m[0m[1mMMo[38;5;12m[1m;ccccc;[37m[0m[1mMMW.[38;5;12m[1m;ccccccccccccccc;
ccccc;[37m[0m[1m0MNc.[38;5;12m[1mccc[37m[0m[1m.xMMd[38;5;12m[1m:ccccccccccccccc;
cccccc;[37m[0m[1mdNMWXXXWM0:[38;5;12m[1m:cccccccccccccc:,
cccccccc;[37m[0m[1m.:odl:.[38;5;12m[1m;cccccccccccccc:,.
:cccccccccccccccccccccccccccc:'.
.:cccccccccccccccccccccc:;,..
  '::cccccccccccccc::;,.[0m
[19A[9999999D[41C[0m[1m[38;5;12m[1mkuba[0m@[38;5;12m[1mjcubic[0m 
[41C[0m-----------[0m 
[41C[38;5;12m[1mOS[0m[0m:[0m Fedora Linux 36 (Xfce) x86_64[0m 
[41C[38;5;12m[1mHost[0m[0m:[0m Inspiron 5570[0m 
[41C[38;5;12m[1mKernel[0m[0m:[0m 5.19.16-200.fc36.x86_64[0m 
[41C[38;5;12m[1mUptime[0m[0m:[0m 3 days, 23 hours, 10 mins[0m 
[41C[38;5;12m[1mPackages[0m[0m:[0m 2845 (rpm), 6 (flatpak)[0m 
[41C[38;5;12m[1mShell[0m[0m:[0m bash 5.2.2[0m 
[41C[38;5;12m[1mResolution[0m[0m:[0m 1920x1080[0m 
[41C[38;5;12m[1mDE[0m[0m:[0m Xfce 4.16[0m 
[41C[38;5;12m[1mWM[0m[0m:[0m Xfwm4[0m 
[41C[38;5;12m[1mWM Theme[0m[0m:[0m Default[0m 
[41C[38;5;12m[1mTheme[0m[0m:[0m Adwaita-dark [GTK2], Adwaita [GTK3][0m 
[41C[38;5;12m[1mIcons[0m[0m:[0m Clarity [GTK2/3][0m 
[41C[38;5;12m[1mTerminal[0m[0m:[0m xfce4-terminal[0m 
[41C[38;5;12m[1mTerminal Font[0m[0m:[0m Monospace 10[0m 
[41C[38;5;12m[1mCPU[0m[0m:[0m Intel i7-8550U (8) @ 4.000GHz[0m 
[41C[38;5;12m[1mGPU[0m[0m:[0m Intel UHD Graphics 620[0m 
[41C[38;5;12m[1mGPU[0m[0m:[0m AMD ATI Radeon R7 M260/M265 / M340/M360 / M440/M445 / 530/535 / 620/625 Mobile[0m 
[41C[38;5;12m[1mMemory[0m[0m:[0m 7819MiB / 15654MiB[0m 

[41C[30m[40m   [31m[41m   [32m[42m   [33m[43m   [34m[44m   [35m[45m   [36m[46m   [37m[47m   [m


[?25h[?7h
Skrypt wykonany 2022-10-27 22:14:55+02:00 [KOD_WYJŚCIA="0"]
